------------------------------------------------------------
TimeQuest Timing Analyzer Summary
------------------------------------------------------------

Type  : Slow Model Setup 'prescaler:ClockScaler|clkint'
Slack : -4.891
TNS   : -691.093

Type  : Slow Model Setup 'CLOCK_50'
Slack : -1.756
TNS   : -22.042

Type  : Slow Model Hold 'CLOCK_50'
Slack : -2.698
TNS   : -2.698

Type  : Slow Model Hold 'prescaler:ClockScaler|clkint'
Slack : 0.391
TNS   : 0.000

Type  : Slow Model Recovery 'prescaler:ClockScaler|clkint'
Slack : -3.022
TNS   : -447.256

Type  : Slow Model Removal 'prescaler:ClockScaler|clkint'
Slack : 3.792
TNS   : 0.000

Type  : Slow Model Minimum Pulse Width 'CLOCK_50'
Slack : -1.380
TNS   : -14.380

Type  : Slow Model Minimum Pulse Width 'prescaler:ClockScaler|clkint'
Slack : -0.500
TNS   : -270.000

Type  : Fast Model Setup 'prescaler:ClockScaler|clkint'
Slack : -1.743
TNS   : -206.925

Type  : Fast Model Setup 'CLOCK_50'
Slack : -0.290
TNS   : -3.480

Type  : Fast Model Hold 'CLOCK_50'
Slack : -1.688
TNS   : -1.688

Type  : Fast Model Hold 'prescaler:ClockScaler|clkint'
Slack : 0.215
TNS   : 0.000

Type  : Fast Model Recovery 'prescaler:ClockScaler|clkint'
Slack : -1.334
TNS   : -197.432

Type  : Fast Model Removal 'prescaler:ClockScaler|clkint'
Slack : 2.214
TNS   : 0.000

Type  : Fast Model Minimum Pulse Width 'CLOCK_50'
Slack : -1.380
TNS   : -14.380

Type  : Fast Model Minimum Pulse Width 'prescaler:ClockScaler|clkint'
Slack : -0.500
TNS   : -270.000

------------------------------------------------------------
